Anthony Palafox@DESKTOP-ARJ0PVE MINGW64 ~/Desktop/CSS
$ git clone https://github.com/AnthonyPalafox/CSS-Projects.git
Cloning into 'CSS-Projects'...
remote: Enumerating objects: 3, done.
remote: Counting objects: 100% (3/3), done.
remote: Total 3 (delta 0), reused 0 (delta 0), pack-reused 0
Unpacking objects: 100% (3/3), 602 bytes | 37.00 KiB/s, done.

Anthony Palafox@DESKTOP-ARJ0PVE MINGW64 ~/Desktop/CSS
$ cd CSS-Projects/

Anthony Palafox@DESKTOP-ARJ0PVE MINGW64 ~/Desktop/CSS/CSS-Projects (master)
$ mkdir Project 1

Anthony Palafox@DESKTOP-ARJ0PVE MINGW64 ~/Desktop/CSS/CSS-Projects (master)
$ rm -r 1

Anthony Palafox@DESKTOP-ARJ0PVE MINGW64 ~/Desktop/CSS/CSS-Projects (master)
$ rm -r Projects
rm: cannot remove 'Projects': No such file or directory

Anthony Palafox@DESKTOP-ARJ0PVE MINGW64 ~/Desktop/CSS/CSS-Projects (master)
$ rm -r Project

Anthony Palafox@DESKTOP-ARJ0PVE MINGW64 ~/Desktop/CSS/CSS-Projects (master)
$ mkdir Project-1

Anthony Palafox@DESKTOP-ARJ0PVE MINGW64 ~/Desktop/CSS/CSS-Projects (master)
$ cd Project-1/

Anthony Palafox@DESKTOP-ARJ0PVE MINGW64 ~/Desktop/CSS/CSS-Projects/Project-1 (master)
$ touch commands.txt

Anthony Palafox@DESKTOP-ARJ0PVE MINGW64 ~/Desktop/CSS/CSS-Projects/Project-1 (master)
$
